group G_bin4 seed 2 lr 0.002 epochs 15 dev subjects [1, 6, 22, 25] n_train 5950 n_dev 1402 n_test 2947
  ep   0 loss 0.4213 dev 0.9551 (36.8s)
  ep   1 loss 0.1349 dev 0.9194 (33.8s)
  ep   2 loss 0.1086 dev 0.9672 (31.6s)
  ep   3 loss 0.0894 dev 0.9693 (23.8s)
  ep   4 loss 0.0702 dev 0.9565 (30.1s)
  ep   5 loss 0.0676 dev 0.9608 (14.2s)
  ep   6 loss 0.0557 dev 0.9458 (13.7s)
  ep   7 loss 0.0515 dev 0.9629 (14.0s)
  ep   8 loss 0.0440 dev 0.9593 (9.9s)
  ep   9 loss 0.0393 dev 0.9593 (10.5s)
  ep  10 loss 0.0351 dev 0.9615 (11.6s)
  ep  11 loss 0.0288 dev 0.9586 (15.6s)
  ep  12 loss 0.0261 dev 0.9629 (10.3s)
  ep  13 loss 0.0226 dev 0.9608 (10.8s)
  ep  14 loss 0.0221 dev 0.9608 (12.6s)
  eval B_binmean_clock4   native         acc 0.9304
  eval B_binmean_clock4   foh_m2         acc 0.9304
  eval B_binmean_clock4   foh_m4         acc 0.9304
  eval B_binmean_clock4   foh_rand       acc 0.9304
  eval B_binmean_clock4   zoh_m2         acc 0.9294
  eval B_binmean_clock4   down2          acc 0.9311
  eval B_binmean_clock4   down4          acc 0.9294
  eval B_binmean_clock4   down2_reknot   acc 0.9311
  eval B_binmean_clock4   drop30         acc 0.9311
  eval B_binmean_clock4   drop50         acc 0.9257
  eval B_binmean_clock4   drop70         acc 0.9060
  eval B_binmean_clock4   drop50_reknot  acc 0.9257
  fp64 B_binmean_clock4: {'foh_m2': 4.05074483461195e-16, 'foh_m4': 4.05074483461195e-16, 'foh_rand': 4.05074483461195e-16, 'zoh_m2': 0.021842572859639534, 'down2_reknot': 3.043449577402289e-16}
