group G_bin4 seed 0 lr 0.002 epochs 15 dev subjects [1, 6, 22, 25] n_train 5950 n_dev 1402 n_test 2947
  ep   0 loss 0.4051 dev 0.9486 (18.9s)
  ep   1 loss 0.1288 dev 0.9658 (9.6s)
  ep   2 loss 0.1065 dev 0.9658 (10.7s)
  ep   3 loss 0.0933 dev 0.9508 (11.1s)
  ep   4 loss 0.0850 dev 0.9579 (10.3s)
  ep   5 loss 0.0744 dev 0.9679 (11.2s)
  ep   6 loss 0.0634 dev 0.9608 (16.4s)
  ep   7 loss 0.0564 dev 0.9643 (18.9s)
  ep   8 loss 0.0531 dev 0.9643 (10.6s)
  ep   9 loss 0.0467 dev 0.9650 (11.9s)
  ep  10 loss 0.0420 dev 0.9650 (9.6s)
  ep  11 loss 0.0382 dev 0.9636 (9.6s)
  ep  12 loss 0.0333 dev 0.9636 (10.6s)
  ep  13 loss 0.0329 dev 0.9636 (10.8s)
  ep  14 loss 0.0311 dev 0.9636 (9.6s)
  eval B_binmean_clock4   native         acc 0.9203
  eval B_binmean_clock4   foh_m2         acc 0.9203
  eval B_binmean_clock4   foh_m4         acc 0.9203
  eval B_binmean_clock4   foh_rand       acc 0.9203
  eval B_binmean_clock4   zoh_m2         acc 0.9192
  eval B_binmean_clock4   down2          acc 0.9196
  eval B_binmean_clock4   down4          acc 0.9175
  eval B_binmean_clock4   down2_reknot   acc 0.9196
  eval B_binmean_clock4   drop30         acc 0.9179
  eval B_binmean_clock4   drop50         acc 0.9155
  eval B_binmean_clock4   drop70         acc 0.8972
  eval B_binmean_clock4   drop50_reknot  acc 0.9155
  fp64 B_binmean_clock4: {'foh_m2': 3.718868887396114e-16, 'foh_m4': 3.718868887396114e-16, 'foh_rand': 4.648586109245143e-16, 'zoh_m2': 0.021917391403496623, 'down2_reknot': 5.113421277376165e-16}
