group G_bin4 seed 1 lr 0.002 epochs 15 dev subjects [1, 6, 22, 25] n_train 5950 n_dev 1402 n_test 2947
  ep   0 loss 0.4028 dev 0.9394 (11.2s)
  ep   1 loss 0.1337 dev 0.9572 (10.7s)
  ep   2 loss 0.1157 dev 0.9672 (10.3s)
  ep   3 loss 0.1051 dev 0.9551 (9.8s)
  ep   4 loss 0.0900 dev 0.9629 (10.1s)
  ep   5 loss 0.0710 dev 0.9643 (9.6s)
  ep   6 loss 0.0651 dev 0.9636 (10.0s)
  ep   7 loss 0.0554 dev 0.9601 (9.8s)
  ep   8 loss 0.0514 dev 0.9608 (10.4s)
  ep   9 loss 0.0473 dev 0.9629 (10.1s)
  ep  10 loss 0.0430 dev 0.9615 (10.7s)
  ep  11 loss 0.0408 dev 0.9629 (10.5s)
  ep  12 loss 0.0382 dev 0.9622 (10.4s)
  ep  13 loss 0.0355 dev 0.9629 (10.6s)
  ep  14 loss 0.0334 dev 0.9629 (9.8s)
  eval B_binmean_clock4   native         acc 0.9250
  eval B_binmean_clock4   foh_m2         acc 0.9250
  eval B_binmean_clock4   foh_m4         acc 0.9250
  eval B_binmean_clock4   foh_rand       acc 0.9250
  eval B_binmean_clock4   zoh_m2         acc 0.9250
  eval B_binmean_clock4   down2          acc 0.9250
  eval B_binmean_clock4   down4          acc 0.9233
  eval B_binmean_clock4   down2_reknot   acc 0.9250
  eval B_binmean_clock4   drop30         acc 0.9243
  eval B_binmean_clock4   drop50         acc 0.9209
  eval B_binmean_clock4   drop70         acc 0.9053
  eval B_binmean_clock4   drop50_reknot  acc 0.9209
  fp64 B_binmean_clock4: {'foh_m2': 3.4902199017802676e-16, 'foh_m4': 3.758698355763365e-16, 'foh_rand': 3.22174144779717e-16, 'zoh_m2': 0.02844513008608705, 'down2_reknot': 4.295196282076134e-16}
