group G_bilin4 seed 1 lr 0.002 epochs 15 dev subjects [1, 6, 22, 25] n_train 5950 n_dev 1402 n_test 2947
  ep   0 loss 0.4292 dev 0.9322 (15.1s)
  ep   1 loss 0.1524 dev 0.9422 (13.4s)
  ep   2 loss 0.1219 dev 0.9586 (14.5s)
  ep   3 loss 0.1115 dev 0.9494 (15.5s)
  ep   4 loss 0.0957 dev 0.9501 (14.9s)
  ep   5 loss 0.0841 dev 0.9551 (13.9s)
  ep   6 loss 0.0711 dev 0.9522 (13.3s)
  ep   7 loss 0.0617 dev 0.9593 (14.5s)
  ep   8 loss 0.0557 dev 0.9544 (14.1s)
  ep   9 loss 0.0487 dev 0.9608 (14.7s)
  ep  10 loss 0.0420 dev 0.9608 (14.3s)
  ep  11 loss 0.0373 dev 0.9608 (13.9s)
  ep  12 loss 0.0325 dev 0.9608 (14.5s)
  ep  13 loss 0.0300 dev 0.9608 (15.6s)
  ep  14 loss 0.0282 dev 0.9608 (16.1s)
  eval B_bilin_clock4     native         acc 0.9152
  eval B_bilin_clock4     foh_m2         acc 0.9155
  eval B_bilin_clock4     foh_m4         acc 0.9155
  eval B_bilin_clock4     foh_rand       acc 0.9155
  eval B_bilin_clock4     zoh_m2         acc 0.9148
  eval B_bilin_clock4     down2          acc 0.9158
  eval B_bilin_clock4     down4          acc 0.9141
  eval B_bilin_clock4     down2_reknot   acc 0.9152
  eval B_bilin_clock4     drop30         acc 0.9155
  eval B_bilin_clock4     drop50         acc 0.9141
  eval B_bilin_clock4     drop70         acc 0.8989
  eval B_bilin_clock4     drop50_reknot  acc 0.9148
  fp64 B_bilin_clock4: {'foh_m2': 0.056192574374644984, 'foh_m4': 0.07256275290246868, 'foh_rand': 0.023812441343620063, 'zoh_m2': 0.044165775612639166, 'down2_reknot': 0.03932202236352817}
