group G_bilin4 seed 0 lr 0.002 epochs 15 dev subjects [1, 6, 22, 25] n_train 5950 n_dev 1402 n_test 2947
  ep   0 loss 0.4190 dev 0.9472 (68.3s)
  ep   1 loss 0.1579 dev 0.9515 (50.7s)
  ep   2 loss 0.1247 dev 0.9515 (54.6s)
  ep   3 loss 0.1138 dev 0.9501 (85.0s)
  ep   4 loss 0.1022 dev 0.9572 (33.7s)
  ep   5 loss 0.0908 dev 0.9636 (28.9s)
  ep   6 loss 0.0833 dev 0.9551 (40.1s)
  ep   7 loss 0.0629 dev 0.9593 (38.8s)
  ep   8 loss 0.0619 dev 0.9558 (28.9s)
  ep   9 loss 0.0497 dev 0.9593 (39.0s)
  ep  10 loss 0.0458 dev 0.9565 (33.0s)
  ep  11 loss 0.0390 dev 0.9558 (27.2s)
  ep  12 loss 0.0348 dev 0.9551 (27.2s)
  ep  13 loss 0.0327 dev 0.9558 (26.6s)
  ep  14 loss 0.0302 dev 0.9551 (26.7s)
  eval B_bilin_clock4     native         acc 0.9111
  eval B_bilin_clock4     foh_m2         acc 0.9114
  eval B_bilin_clock4     foh_m4         acc 0.9118
  eval B_bilin_clock4     foh_rand       acc 0.9128
  eval B_bilin_clock4     zoh_m2         acc 0.9114
  eval B_bilin_clock4     down2          acc 0.9111
  eval B_bilin_clock4     down4          acc 0.9104
  eval B_bilin_clock4     down2_reknot   acc 0.9111
  eval B_bilin_clock4     drop30         acc 0.9128
  eval B_bilin_clock4     drop50         acc 0.9077
  eval B_bilin_clock4     drop70         acc 0.8938
  eval B_bilin_clock4     drop50_reknot  acc 0.9080
  fp64 B_bilin_clock4: {'foh_m2': 0.02361754998693583, 'foh_m4': 0.027505994435843097, 'foh_rand': 0.055192464197316736, 'zoh_m2': 0.03528874340431555, 'down2_reknot': 0.03709574139390494}
