group G_nrde4 seed 0 lr 0.002 epochs 15 dev subjects [1, 6, 22, 25] n_train 5950 n_dev 1402 n_test 2947
  ep   0 loss 0.4363 dev 0.8538 (5.1s)
  ep   1 loss 0.1626 dev 0.9151 (4.8s)
  ep   2 loss 0.1374 dev 0.9094 (5.3s)
  ep   3 loss 0.1249 dev 0.8987 (4.7s)
  ep   4 loss 0.1133 dev 0.9101 (5.7s)
  ep   5 loss 0.1058 dev 0.9180 (4.9s)
  ep   6 loss 0.0979 dev 0.9094 (5.1s)
  ep   7 loss 0.0881 dev 0.9215 (4.9s)
  ep   8 loss 0.0845 dev 0.9258 (4.0s)
  ep   9 loss 0.0764 dev 0.9194 (4.7s)
  ep  10 loss 0.0678 dev 0.9180 (5.1s)
  ep  11 loss 0.0630 dev 0.9187 (4.5s)
  ep  12 loss 0.0594 dev 0.9194 (4.3s)
  ep  13 loss 0.0560 dev 0.9194 (4.8s)
  ep  14 loss 0.0551 dev 0.9194 (4.6s)
  eval B_nrde_clock4      native         acc 0.8765
  eval B_nrde_clock4      foh_m2         acc 0.8765
  eval B_nrde_clock4      foh_m4         acc 0.8765
  eval B_nrde_clock4      foh_rand       acc 0.8765
  eval B_nrde_clock4      zoh_m2         acc 0.8741
  eval B_nrde_clock4      down2          acc 0.8778
  eval B_nrde_clock4      down4          acc 0.7496
  eval B_nrde_clock4      down2_reknot   acc 0.8778
  eval B_nrde_clock4      drop30         acc 0.8833
  eval B_nrde_clock4      drop50         acc 0.8697
  eval B_nrde_clock4      drop70         acc 0.7954
  eval B_nrde_clock4      drop50_reknot  acc 0.8697
  fp64 B_nrde_clock4: {'foh_m2': 2.154455695778778e-14, 'foh_m4': 1.2942812202253106e-14, 'foh_rand': 1.0062165594091184e-14, 'zoh_m2': 0.12897735580301442, 'down2_reknot': 1.8724389430108372e-14}
