group G_nrde4 seed 2 lr 0.002 epochs 15 dev subjects [1, 6, 22, 25] n_train 5950 n_dev 1402 n_test 2947
  ep   0 loss 0.4315 dev 0.9087 (4.4s)
  ep   1 loss 0.1626 dev 0.8951 (4.2s)
  ep   2 loss 0.1539 dev 0.9116 (4.1s)
  ep   3 loss 0.1211 dev 0.9237 (4.1s)
  ep   4 loss 0.1113 dev 0.9158 (4.4s)
  ep   5 loss 0.1079 dev 0.9208 (4.9s)
  ep   6 loss 0.1002 dev 0.9294 (4.3s)
  ep   7 loss 0.0971 dev 0.9294 (3.2s)
  ep   8 loss 0.0892 dev 0.9223 (4.4s)
  ep   9 loss 0.0802 dev 0.9194 (4.7s)
  ep  10 loss 0.0789 dev 0.9201 (5.2s)
  ep  11 loss 0.0712 dev 0.9137 (4.1s)
  ep  12 loss 0.0675 dev 0.9180 (4.1s)
  ep  13 loss 0.0648 dev 0.9180 (4.8s)
  ep  14 loss 0.0636 dev 0.9173 (4.8s)
  eval B_nrde_clock4      native         acc 0.8911
  eval B_nrde_clock4      foh_m2         acc 0.8911
  eval B_nrde_clock4      foh_m4         acc 0.8911
  eval B_nrde_clock4      foh_rand       acc 0.8911
  eval B_nrde_clock4      zoh_m2         acc 0.8907
  eval B_nrde_clock4      down2          acc 0.8873
  eval B_nrde_clock4      down4          acc 0.6491
  eval B_nrde_clock4      down2_reknot   acc 0.8873
  eval B_nrde_clock4      drop30         acc 0.8951
  eval B_nrde_clock4      drop50         acc 0.8751
  eval B_nrde_clock4      drop70         acc 0.7818
  eval B_nrde_clock4      drop50_reknot  acc 0.8751
  fp64 B_nrde_clock4: {'foh_m2': 2.0028863723147738e-14, 'foh_m4': 1.6708015851952258e-14, 'foh_rand': 1.245317951698305e-14, 'zoh_m2': 0.07860805515048688, 'down2_reknot': 1.6504292927840775e-14}
