group G_P4 seed 2 lr 0.002 epochs 15 dev subjects [1, 6, 22, 25] n_train 5950 n_dev 1402 n_test 2947
  ep   0 loss 0.4203 dev 0.9465 (45.2s)
  ep   1 loss 0.1461 dev 0.9351 (47.9s)
  ep   2 loss 0.1205 dev 0.9658 (53.4s)
  ep   3 loss 0.1064 dev 0.9636 (52.9s)
  ep   4 loss 0.0997 dev 0.9529 (52.8s)
  ep   5 loss 0.0832 dev 0.9579 (44.7s)
  ep   6 loss 0.0710 dev 0.9486 (44.5s)
  ep   7 loss 0.0640 dev 0.9622 (56.1s)
  ep   8 loss 0.0548 dev 0.9615 (52.5s)
  ep   9 loss 0.0465 dev 0.9615 (49.8s)
  ep  10 loss 0.0445 dev 0.9586 (47.9s)
  ep  11 loss 0.0360 dev 0.9593 (47.7s)
  ep  12 loss 0.0301 dev 0.9615 (54.5s)
  ep  13 loss 0.0288 dev 0.9615 (52.5s)
  ep  14 loss 0.0278 dev 0.9615 (48.4s)
  eval P4_foh_clock       native         acc 0.9237
  eval P4_foh_clock       foh_m2         acc 0.9237
  eval P4_foh_clock       foh_m4         acc 0.9237
  eval P4_foh_clock       foh_rand       acc 0.9237
  eval P4_foh_clock       zoh_m2         acc 0.9223
  eval P4_foh_clock       down2          acc 0.9230
  eval P4_foh_clock       down4          acc 0.9220
  eval P4_foh_clock       down2_reknot   acc 0.9230
  eval P4_foh_clock       drop30         acc 0.9199
  eval P4_foh_clock       drop50         acc 0.9108
  eval P4_foh_clock       drop70         acc 0.8697
  eval P4_foh_clock       drop50_reknot  acc 0.9108
  fp64 P4_foh_clock: {'foh_m2': 4.482965422095843e-16, 'foh_m4': 5.010373118813002e-16, 'foh_rand': 3.6918538770201064e-16, 'zoh_m2': 0.019335587654771093, 'down2_reknot': 4.2163968066372325e-16}
