group G_P4 seed 1 lr 0.002 epochs 15 dev subjects [1, 6, 22, 25] n_train 5950 n_dev 1402 n_test 2947
  ep   0 loss 0.4281 dev 0.9308 (27.9s)
  ep   1 loss 0.1525 dev 0.9429 (26.1s)
  ep   2 loss 0.1220 dev 0.9565 (27.1s)
  ep   3 loss 0.1117 dev 0.9579 (27.6s)
  ep   4 loss 0.0966 dev 0.9508 (26.4s)
  ep   5 loss 0.0826 dev 0.9536 (26.5s)
  ep   6 loss 0.0707 dev 0.9643 (26.7s)
  ep   7 loss 0.0632 dev 0.9608 (28.0s)
  ep   8 loss 0.0577 dev 0.9586 (27.0s)
  ep   9 loss 0.0504 dev 0.9622 (31.2s)
  ep  10 loss 0.0452 dev 0.9615 (28.7s)
  ep  11 loss 0.0403 dev 0.9615 (28.5s)
  ep  12 loss 0.0351 dev 0.9615 (27.8s)
  ep  13 loss 0.0321 dev 0.9622 (29.1s)
  ep  14 loss 0.0306 dev 0.9622 (26.5s)
  eval P4_foh_clock       native         acc 0.9172
  eval P4_foh_clock       foh_m2         acc 0.9172
  eval P4_foh_clock       foh_m4         acc 0.9172
  eval P4_foh_clock       foh_rand       acc 0.9172
  eval P4_foh_clock       zoh_m2         acc 0.9169
  eval P4_foh_clock       down2          acc 0.9172
  eval P4_foh_clock       down4          acc 0.9172
  eval P4_foh_clock       down2_reknot   acc 0.9172
  eval P4_foh_clock       drop30         acc 0.9179
  eval P4_foh_clock       drop50         acc 0.9165
  eval P4_foh_clock       drop70         acc 0.9002
  eval P4_foh_clock       drop50_reknot  acc 0.9165
  fp64 P4_foh_clock: {'foh_m2': 3.635287267801967e-16, 'foh_m4': 3.635287267801967e-16, 'foh_rand': 3.635287267801967e-16, 'zoh_m2': 0.010092718649541832, 'down2_reknot': 4.544133407154653e-16}
