group G_patch4 seed 1 lr 0.002 epochs 15 dev subjects [1, 6, 22, 25] n_train 5950 n_dev 1402 n_test 2947
  ep   0 loss 0.3867 dev 0.9415 (10.3s)
  ep   1 loss 0.1335 dev 0.9522 (10.3s)
  ep   2 loss 0.1156 dev 0.9529 (10.2s)
  ep   3 loss 0.1054 dev 0.9472 (9.4s)
  ep   4 loss 0.0894 dev 0.9536 (10.0s)
  ep   5 loss 0.0761 dev 0.9465 (9.4s)
  ep   6 loss 0.0623 dev 0.9586 (9.9s)
  ep   7 loss 0.0554 dev 0.9551 (9.8s)
  ep   8 loss 0.0487 dev 0.9522 (10.8s)
  ep   9 loss 0.0420 dev 0.9622 (10.5s)
  ep  10 loss 0.0374 dev 0.9572 (9.7s)
  ep  11 loss 0.0336 dev 0.9572 (10.2s)
  ep  12 loss 0.0292 dev 0.9579 (10.0s)
  ep  13 loss 0.0263 dev 0.9579 (10.1s)
  ep  14 loss 0.0247 dev 0.9579 (10.4s)
  eval B_patch_clock4     native         acc 0.9243
  eval B_patch_clock4     foh_m2         acc 0.9243
  eval B_patch_clock4     foh_m4         acc 0.9243
  eval B_patch_clock4     foh_rand       acc 0.9243
  eval B_patch_clock4     zoh_m2         acc 0.9243
  eval B_patch_clock4     down2          acc 0.9247
  eval B_patch_clock4     down4          acc 0.9220
  eval B_patch_clock4     down2_reknot   acc 0.9247
  eval B_patch_clock4     drop30         acc 0.9250
  eval B_patch_clock4     drop50         acc 0.9192
  eval B_patch_clock4     drop70         acc 0.8985
  eval B_patch_clock4     drop50_reknot  acc 0.9192
  fp64 B_patch_clock4: {'foh_m2': 0.0, 'foh_m4': 0.0, 'foh_rand': 0.0, 'zoh_m2': 0.0, 'down2_reknot': 0.0}
