group G_patch4 seed 2 lr 0.002 epochs 15 dev subjects [1, 6, 22, 25] n_train 5950 n_dev 1402 n_test 2947
  ep   0 loss 0.3773 dev 0.9579 (14.4s)
  ep   1 loss 0.1297 dev 0.9422 (14.2s)
  ep   2 loss 0.1023 dev 0.9672 (12.7s)
  ep   3 loss 0.0844 dev 0.9643 (9.9s)
  ep   4 loss 0.0752 dev 0.9522 (9.7s)
  ep   5 loss 0.0665 dev 0.9586 (10.5s)
  ep   6 loss 0.0583 dev 0.9593 (16.5s)
  ep   7 loss 0.0485 dev 0.9622 (10.0s)
  ep   8 loss 0.0399 dev 0.9608 (9.7s)
  ep   9 loss 0.0337 dev 0.9622 (11.8s)
  ep  10 loss 0.0305 dev 0.9629 (9.0s)
  ep  11 loss 0.0231 dev 0.9601 (10.5s)
  ep  12 loss 0.0201 dev 0.9615 (10.2s)
  ep  13 loss 0.0165 dev 0.9622 (9.9s)
  ep  14 loss 0.0163 dev 0.9629 (10.3s)
  eval B_patch_clock4     native         acc 0.9213
  eval B_patch_clock4     foh_m2         acc 0.9213
  eval B_patch_clock4     foh_m4         acc 0.9213
  eval B_patch_clock4     foh_rand       acc 0.9213
  eval B_patch_clock4     zoh_m2         acc 0.9213
  eval B_patch_clock4     down2          acc 0.9209
  eval B_patch_clock4     down4          acc 0.9216
  eval B_patch_clock4     down2_reknot   acc 0.9209
  eval B_patch_clock4     drop30         acc 0.9223
  eval B_patch_clock4     drop50         acc 0.9186
  eval B_patch_clock4     drop70         acc 0.9013
  eval B_patch_clock4     drop50_reknot  acc 0.9186
  fp64 B_patch_clock4: {'foh_m2': 0.0, 'foh_m4': 0.0, 'foh_rand': 0.0, 'zoh_m2': 0.0, 'down2_reknot': 0.0}
