group G_pt4 seed 1 lr 0.002 epochs 15 dev subjects [1, 6, 22, 25] n_train 5950 n_dev 1402 n_test 2947
  ep   0 loss 0.4446 dev 0.9536 (10.2s)
  ep   1 loss 0.1511 dev 0.9586 (10.0s)
  ep   2 loss 0.1225 dev 0.9679 (10.3s)
  ep   3 loss 0.1119 dev 0.9472 (10.8s)
  ep   4 loss 0.1013 dev 0.9579 (10.9s)
  ep   5 loss 0.0867 dev 0.9579 (10.1s)
  ep   6 loss 0.0741 dev 0.9658 (11.2s)
  ep   7 loss 0.0685 dev 0.9643 (11.3s)
  ep   8 loss 0.0583 dev 0.9565 (10.8s)
  ep   9 loss 0.0510 dev 0.9636 (11.4s)
  ep  10 loss 0.0470 dev 0.9622 (11.0s)
  ep  11 loss 0.0454 dev 0.9586 (12.2s)
  ep  12 loss 0.0387 dev 0.9586 (10.9s)
  ep  13 loss 0.0380 dev 0.9586 (9.7s)
  ep  14 loss 0.0367 dev 0.9593 (12.3s)
  eval B_point_clock4     native         acc 0.9135
  eval B_point_clock4     foh_m2         acc 0.9135
  eval B_point_clock4     foh_m4         acc 0.9135
  eval B_point_clock4     foh_rand       acc 0.9135
  eval B_point_clock4     zoh_m2         acc 0.9135
  eval B_point_clock4     down2          acc 0.9135
  eval B_point_clock4     down4          acc 0.9135
  eval B_point_clock4     down2_reknot   acc 0.9135
  eval B_point_clock4     drop30         acc 0.9158
  eval B_point_clock4     drop50         acc 0.9138
  eval B_point_clock4     drop70         acc 0.8948
  eval B_point_clock4     drop50_reknot  acc 0.9138
  fp64 B_point_clock4: {'foh_m2': 0.0, 'foh_m4': 0.0, 'foh_rand': 0.0, 'zoh_m2': 0.0, 'down2_reknot': 0.0}
