group G_pt4 seed 0 lr 0.002 epochs 15 dev subjects [1, 6, 22, 25] n_train 5950 n_dev 1402 n_test 2947
  ep   0 loss 0.4539 dev 0.9351 (18.4s)
  ep   1 loss 0.1496 dev 0.9636 (26.9s)
  ep   2 loss 0.1140 dev 0.9572 (30.6s)
  ep   3 loss 0.1009 dev 0.9551 (18.5s)
  ep   4 loss 0.0876 dev 0.9387 (16.6s)
  ep   5 loss 0.0804 dev 0.9608 (26.5s)
  ep   6 loss 0.0735 dev 0.9615 (17.7s)
  ep   7 loss 0.0613 dev 0.9593 (17.4s)
  ep   8 loss 0.0580 dev 0.9615 (58.5s)
  ep   9 loss 0.0505 dev 0.9615 (17.5s)
  ep  10 loss 0.0471 dev 0.9572 (18.1s)
  ep  11 loss 0.0443 dev 0.9593 (14.3s)
  ep  12 loss 0.0419 dev 0.9593 (10.5s)
  ep  13 loss 0.0408 dev 0.9593 (11.5s)
  ep  14 loss 0.0378 dev 0.9593 (10.9s)
  eval B_point_clock4     native         acc 0.9270
  eval B_point_clock4     foh_m2         acc 0.9270
  eval B_point_clock4     foh_m4         acc 0.9270
  eval B_point_clock4     foh_rand       acc 0.9270
  eval B_point_clock4     zoh_m2         acc 0.9270
  eval B_point_clock4     down2          acc 0.9270
  eval B_point_clock4     down4          acc 0.9270
  eval B_point_clock4     down2_reknot   acc 0.9270
  eval B_point_clock4     drop30         acc 0.9264
  eval B_point_clock4     drop50         acc 0.9247
  eval B_point_clock4     drop70         acc 0.8972
  eval B_point_clock4     drop50_reknot  acc 0.9247
  fp64 B_point_clock4: {'foh_m2': 0.0, 'foh_m4': 0.0, 'foh_rand': 0.0, 'zoh_m2': 0.0, 'down2_reknot': 0.0}
