group G_pt4 seed 2 lr 0.002 epochs 15 dev subjects [1, 6, 22, 25] n_train 5950 n_dev 1402 n_test 2947
  ep   0 loss 0.4532 dev 0.9429 (15.8s)
  ep   1 loss 0.1556 dev 0.9501 (19.7s)
  ep   2 loss 0.1129 dev 0.9715 (17.1s)
  ep   3 loss 0.0949 dev 0.9601 (16.4s)
  ep   4 loss 0.0798 dev 0.9608 (18.8s)
  ep   5 loss 0.0707 dev 0.9629 (15.1s)
  ep   6 loss 0.0645 dev 0.9622 (19.4s)
  ep   7 loss 0.0590 dev 0.9650 (18.8s)
  ep   8 loss 0.0554 dev 0.9636 (19.5s)
  ep   9 loss 0.0504 dev 0.9636 (17.2s)
  ep  10 loss 0.0463 dev 0.9636 (17.3s)
  ep  11 loss 0.0413 dev 0.9622 (16.8s)
  ep  12 loss 0.0377 dev 0.9643 (15.7s)
  ep  13 loss 0.0357 dev 0.9643 (15.4s)
  ep  14 loss 0.0349 dev 0.9622 (23.4s)
  eval B_point_clock4     native         acc 0.9199
  eval B_point_clock4     foh_m2         acc 0.9199
  eval B_point_clock4     foh_m4         acc 0.9199
  eval B_point_clock4     foh_rand       acc 0.9199
  eval B_point_clock4     zoh_m2         acc 0.9199
  eval B_point_clock4     down2          acc 0.9199
  eval B_point_clock4     down4          acc 0.9199
  eval B_point_clock4     down2_reknot   acc 0.9199
  eval B_point_clock4     drop30         acc 0.9216
  eval B_point_clock4     drop50         acc 0.9203
  eval B_point_clock4     drop70         acc 0.9060
  eval B_point_clock4     drop50_reknot  acc 0.9203
  fp64 B_point_clock4: {'foh_m2': 0.0, 'foh_m4': 0.0, 'foh_rand': 0.0, 'zoh_m2': 0.0, 'down2_reknot': 0.0}
