group G_rformer4 seed 1 lr 0.001 epochs 15 dev subjects [1, 6, 22, 25] n_train 5950 n_dev 1402 n_test 2947
  ep   0 loss 0.4049 dev 0.9422 (11.2s)
  ep   1 loss 0.1771 dev 0.9536 (11.2s)
  ep   2 loss 0.1509 dev 0.9601 (10.2s)
  ep   3 loss 0.1386 dev 0.9658 (11.0s)
  ep   4 loss 0.1406 dev 0.9643 (10.7s)
  ep   5 loss 0.1311 dev 0.9586 (11.2s)
  ep   6 loss 0.1261 dev 0.9536 (11.3s)
  ep   7 loss 0.1214 dev 0.9479 (11.4s)
  ep   8 loss 0.1107 dev 0.9479 (10.8s)
  ep   9 loss 0.1082 dev 0.9522 (10.9s)
  ep  10 loss 0.1022 dev 0.9572 (11.7s)
  ep  11 loss 0.0978 dev 0.9522 (11.8s)
  ep  12 loss 0.0941 dev 0.9529 (11.8s)
  ep  13 loss 0.0912 dev 0.9522 (10.8s)
  ep  14 loss 0.0887 dev 0.9522 (10.9s)
  eval B_rformer_clock4   native         acc 0.8836
  eval B_rformer_clock4   foh_m2         acc 0.8836
  eval B_rformer_clock4   foh_m4         acc 0.8836
  eval B_rformer_clock4   foh_rand       acc 0.8836
  eval B_rformer_clock4   zoh_m2         acc 0.8850
  eval B_rformer_clock4   down2          acc 0.8829
  eval B_rformer_clock4   down4          acc 0.7635
  eval B_rformer_clock4   down2_reknot   acc 0.8829
  eval B_rformer_clock4   drop30         acc 0.8809
  eval B_rformer_clock4   drop50         acc 0.8554
  eval B_rformer_clock4   drop70         acc 0.7900
  eval B_rformer_clock4   drop50_reknot  acc 0.8554
  fp64 B_rformer_clock4: {'foh_m2': 7.699458351339419e-15, 'foh_m4': 6.702406190734314e-15, 'foh_rand': 5.456090989977934e-15, 'zoh_m2': 0.07945951767579353, 'down2_reknot': 1.012000278765864e-14}
