group G_rformer4 seed 0 lr 0.001 epochs 15 dev subjects [1, 6, 22, 25] n_train 5950 n_dev 1402 n_test 2947
  ep   0 loss 0.4115 dev 0.9351 (9.1s)
  ep   1 loss 0.1754 dev 0.9622 (9.2s)
  ep   2 loss 0.1478 dev 0.9508 (10.4s)
  ep   3 loss 0.1445 dev 0.9700 (10.5s)
  ep   4 loss 0.1331 dev 0.9536 (8.7s)
  ep   5 loss 0.1285 dev 0.9586 (9.3s)
  ep   6 loss 0.1282 dev 0.9615 (9.0s)
  ep   7 loss 0.1199 dev 0.9608 (8.8s)
  ep   8 loss 0.1129 dev 0.9601 (9.1s)
  ep   9 loss 0.1093 dev 0.9422 (9.2s)
  ep  10 loss 0.1022 dev 0.9422 (9.0s)
  ep  11 loss 0.0967 dev 0.9451 (8.9s)
  ep  12 loss 0.0926 dev 0.9458 (9.6s)
  ep  13 loss 0.0908 dev 0.9472 (9.2s)
  ep  14 loss 0.0888 dev 0.9479 (8.7s)
  eval B_rformer_clock4   native         acc 0.8972
  eval B_rformer_clock4   foh_m2         acc 0.8972
  eval B_rformer_clock4   foh_m4         acc 0.8972
  eval B_rformer_clock4   foh_rand       acc 0.8972
  eval B_rformer_clock4   zoh_m2         acc 0.8968
  eval B_rformer_clock4   down2          acc 0.9002
  eval B_rformer_clock4   down4          acc 0.7811
  eval B_rformer_clock4   down2_reknot   acc 0.9002
  eval B_rformer_clock4   drop30         acc 0.8924
  eval B_rformer_clock4   drop50         acc 0.8626
  eval B_rformer_clock4   drop70         acc 0.7801
  eval B_rformer_clock4   drop50_reknot  acc 0.8626
  fp64 B_rformer_clock4: {'foh_m2': 1.2602851840068753e-14, 'foh_m4': 9.89813021229144e-15, 'foh_rand': 1.3983986288295465e-14, 'zoh_m2': 0.03860251273036198, 'down2_reknot': 2.1407596895538806e-14}
