group G_tfpatch4 seed 1 lr 0.001 epochs 15 dev subjects [1, 6, 22, 25] n_train 5950 n_dev 1402 n_test 2947
  ep   0 loss 0.4909 dev 0.9772 (11.8s)
  ep   1 loss 0.1692 dev 0.9815 (11.8s)
  ep   2 loss 0.1381 dev 0.9750 (10.9s)
  ep   3 loss 0.1419 dev 0.9629 (12.2s)
  ep   4 loss 0.1255 dev 0.9608 (12.6s)
  ep   5 loss 0.1172 dev 0.9601 (11.4s)
  ep   6 loss 0.1143 dev 0.9629 (12.8s)
  ep   7 loss 0.1098 dev 0.9579 (11.0s)
  ep   8 loss 0.1055 dev 0.9508 (11.8s)
  ep   9 loss 0.1038 dev 0.9536 (11.6s)
  ep  10 loss 0.1006 dev 0.9629 (11.5s)
  ep  11 loss 0.0991 dev 0.9572 (12.3s)
  ep  12 loss 0.0967 dev 0.9608 (10.4s)
  ep  13 loss 0.0955 dev 0.9572 (10.4s)
  ep  14 loss 0.0942 dev 0.9579 (11.3s)
  eval B_tfpatch_clock4   native         acc 0.9046
  eval B_tfpatch_clock4   foh_m2         acc 0.9046
  eval B_tfpatch_clock4   foh_m4         acc 0.9046
  eval B_tfpatch_clock4   foh_rand       acc 0.9046
  eval B_tfpatch_clock4   zoh_m2         acc 0.9046
  eval B_tfpatch_clock4   down2          acc 0.9023
  eval B_tfpatch_clock4   down4          acc 0.8985
  eval B_tfpatch_clock4   down2_reknot   acc 0.9023
  eval B_tfpatch_clock4   drop30         acc 0.9040
  eval B_tfpatch_clock4   drop50         acc 0.8955
  eval B_tfpatch_clock4   drop70         acc 0.8785
  eval B_tfpatch_clock4   drop50_reknot  acc 0.8955
  fp64 B_tfpatch_clock4: {'foh_m2': 0.0, 'foh_m4': 0.0, 'foh_rand': 0.0, 'zoh_m2': 0.0, 'down2_reknot': 0.0}
