group G_zoh1 seed 0 lr 0.002 epochs 15 dev subjects [1, 6, 22, 25] n_train 5950 n_dev 1402 n_test 2947
  ep   0 loss 0.3938 dev 0.9586 (85.9s)
  ep   1 loss 0.1316 dev 0.9708 (59.3s)
  ep   2 loss 0.1150 dev 0.9622 (66.5s)
  ep   3 loss 0.1087 dev 0.9593 (63.5s)
  ep   4 loss 0.0967 dev 0.9615 (62.2s)
  ep   5 loss 0.0787 dev 0.9636 (63.7s)
  ep   6 loss 0.0702 dev 0.9615 (55.0s)
  ep   7 loss 0.0613 dev 0.9622 (64.5s)
  ep   8 loss 0.0559 dev 0.9608 (68.7s)
  ep   9 loss 0.0460 dev 0.9629 (67.9s)
  ep  10 loss 0.0410 dev 0.9601 (70.1s)
  ep  11 loss 0.0348 dev 0.9622 (62.7s)
  ep  12 loss 0.0311 dev 0.9615 (64.1s)
  ep  13 loss 0.0285 dev 0.9622 (63.7s)
  ep  14 loss 0.0270 dev 0.9622 (62.9s)
  eval A2_zoh_clock       native         acc 0.9172
  eval A2_zoh_clock       foh_m2         acc 0.9172
  eval A2_zoh_clock       foh_m4         acc 0.9172
  eval A2_zoh_clock       foh_rand       acc 0.9172
  eval A2_zoh_clock       zoh_m2         acc 0.9172
  eval A2_zoh_clock       down2          acc 0.9165
  eval A2_zoh_clock       down4          acc 0.9138
  eval A2_zoh_clock       down2_reknot   acc 0.9186
  eval A2_zoh_clock       drop30         acc 0.9182
  eval A2_zoh_clock       drop50         acc 0.9080
  eval A2_zoh_clock       drop70         acc 0.8846
  eval A2_zoh_clock       drop50_reknot  acc 0.9111
  fp64 A2_zoh_clock: {'foh_m2': 0.00643687270325393, 'foh_m4': 0.009656617759030412, 'foh_rand': 0.006252326713589928, 'zoh_m2': 3.2148333546533696e-16, 'down2_reknot': 0.0748447928677142}
