group G_zoh4 seed 2 lr 0.002 epochs 15 dev subjects [1, 6, 22, 25] n_train 5950 n_dev 1402 n_test 2947
  ep   0 loss 0.4211 dev 0.9444 (47.3s)
  ep   1 loss 0.1467 dev 0.9351 (51.5s)
  ep   2 loss 0.1214 dev 0.9665 (52.9s)
  ep   3 loss 0.1060 dev 0.9636 (54.2s)
  ep   4 loss 0.0987 dev 0.9536 (44.7s)
  ep   5 loss 0.0845 dev 0.9572 (45.4s)
  ep   6 loss 0.0722 dev 0.9451 (54.0s)
  ep   7 loss 0.0654 dev 0.9636 (52.9s)
  ep   8 loss 0.0562 dev 0.9615 (50.2s)
  ep   9 loss 0.0468 dev 0.9615 (46.6s)
  ep  10 loss 0.0449 dev 0.9601 (47.5s)
  ep  11 loss 0.0370 dev 0.9593 (52.2s)
  ep  12 loss 0.0306 dev 0.9601 (50.2s)
  ep  13 loss 0.0292 dev 0.9601 (45.4s)
  ep  14 loss 0.0282 dev 0.9601 (47.6s)
  eval A2_zoh_clock4      native         acc 0.9206
  eval A2_zoh_clock4      foh_m2         acc 0.9220
  eval A2_zoh_clock4      foh_m4         acc 0.9223
  eval A2_zoh_clock4      foh_rand       acc 0.9216
  eval A2_zoh_clock4      zoh_m2         acc 0.9206
  eval A2_zoh_clock4      down2          acc 0.9196
  eval A2_zoh_clock4      down4          acc 0.9141
  eval A2_zoh_clock4      down2_reknot   acc 0.9206
  eval A2_zoh_clock4      drop30         acc 0.9172
  eval A2_zoh_clock4      drop50         acc 0.9101
  eval A2_zoh_clock4      drop70         acc 0.8697
  eval A2_zoh_clock4      drop50_reknot  acc 0.9128
  fp64 A2_zoh_clock4: {'foh_m2': 0.01918803799280738, 'foh_m4': 0.02848990980197173, 'foh_rand': 0.02473306156528809, 'zoh_m2': 5.283857256380671e-16, 'down2_reknot': 0.03997872979902113}
