P1_foh_clock       native   len  127.0 prep    193.8 us fwd   2471.8 us total   2665.6 us  params 56582
P1_foh_clock       foh_m4   len  127.0 prep    554.0 us fwd   6707.1 us total   7261.1 us  params 56582
P1_foh_clock       down2    len  127.0 prep    221.8 us fwd   2151.3 us total   2373.1 us  params 56582
P1_foh_clock       drop50   len  127.0 prep    227.6 us fwd   2216.6 us total   2444.2 us  params 56582
A1_foh_perobs      native   len  127.0 prep    188.5 us fwd   2641.5 us total   2830.1 us  params 56582
A1_foh_perobs      foh_m4   len  508.0 prep    598.5 us fwd  16609.9 us total  17208.5 us  params 56582
A1_foh_perobs      down2    len   63.0 prep    201.4 us fwd   1250.4 us total   1451.8 us  params 56582
A1_foh_perobs      drop50   len   64.1 prep    220.9 us fwd  28233.0 us total  28453.9 us  params 56582
A2_zoh_clock       native   len  127.0 prep    122.0 us fwd   2198.4 us total   2320.4 us  params 56582
A2_zoh_clock       foh_m4   len  127.0 prep    365.6 us fwd   4378.3 us total   4743.9 us  params 56582
A2_zoh_clock       down2    len  127.0 prep    145.1 us fwd   2218.7 us total   2363.8 us  params 56582
A2_zoh_clock       drop50   len  127.0 prep    153.0 us fwd   2330.7 us total   2483.7 us  params 56582
A3_zoh_perobs      native   len  127.0 prep    121.3 us fwd   2696.4 us total   2817.7 us  params 56582
A3_zoh_perobs      foh_m4   len  508.0 prep    422.0 us fwd  16069.8 us total  16491.8 us  params 56582
A3_zoh_perobs      down2    len   63.0 prep    144.1 us fwd   1308.4 us total   1452.5 us  params 56582
A3_zoh_perobs      drop50   len   64.1 prep    143.4 us fwd  25445.6 us total  25589.0 us  params 56582
B_point_clock1     native   len  127.0 prep     92.5 us fwd   1227.7 us total   1320.2 us  params 51846
B_point_clock1     foh_m4   len  127.0 prep    334.2 us fwd   1262.5 us total   1596.7 us  params 51846
B_point_clock1     down2    len  127.0 prep    103.0 us fwd   1217.6 us total   1320.5 us  params 51846
B_point_clock1     drop50   len  127.0 prep    111.5 us fwd   1176.2 us total   1287.7 us  params 51846
B_dtonly           native   len  127.0 prep     86.2 us fwd   1688.5 us total   1774.6 us  params 51846
B_dtonly           foh_m4   len  508.0 prep    337.3 us fwd  12092.2 us total  12429.5 us  params 51846
B_dtonly           down2    len   63.0 prep    124.4 us fwd    831.5 us total    956.0 us  params 51846
B_dtonly           drop50   len   64.1 prep    115.8 us fwd  24699.8 us total  24815.6 us  params 51846
B_tf_clock1        native   len  127.0 prep     90.9 us fwd   1328.0 us total   1418.9 us  params 135046
B_tf_clock1        foh_m4   len  127.0 prep    321.6 us fwd   1288.3 us total   1609.9 us  params 135046
B_tf_clock1        down2    len  127.0 prep    114.2 us fwd   1252.2 us total   1366.4 us  params 135046
B_tf_clock1        drop50   len  127.0 prep    116.2 us fwd   1245.7 us total   1361.9 us  params 135046
P4_foh_clock       native   len   31.0 prep    203.2 us fwd   1283.6 us total   1486.8 us  params 56582
P4_foh_clock       foh_m4   len   31.0 prep    481.8 us fwd   3509.1 us total   3990.9 us  params 56582
P4_foh_clock       down2    len   31.0 prep    198.1 us fwd    819.4 us total   1017.5 us  params 56582
P4_foh_clock       drop50   len   31.0 prep    234.4 us fwd    954.5 us total   1188.9 us  params 56582
A2_zoh_clock4      native   len   31.0 prep    121.1 us fwd   1196.0 us total   1317.1 us  params 56582
A2_zoh_clock4      foh_m4   len   31.0 prep    338.9 us fwd   3281.3 us total   3620.2 us  params 56582
A2_zoh_clock4      down2    len   31.0 prep    137.9 us fwd    801.0 us total    938.9 us  params 56582
A2_zoh_clock4      drop50   len   31.0 prep    140.0 us fwd    969.5 us total   1109.5 us  params 56582
B_point_clock4     native   len   31.0 prep     77.7 us fwd    387.9 us total    465.6 us  params 51846
B_point_clock4     foh_m4   len   31.0 prep    281.2 us fwd    388.9 us total    670.1 us  params 51846
B_point_clock4     down2    len   31.0 prep     99.9 us fwd    400.3 us total    500.2 us  params 51846
B_point_clock4     drop50   len   31.0 prep    107.4 us fwd    398.3 us total    505.8 us  params 51846
B_binmean_clock4   native   len   31.0 prep    241.8 us fwd    398.2 us total    640.0 us  params 52422
B_binmean_clock4   foh_m4   len   31.0 prep    609.2 us fwd    402.0 us total   1011.2 us  params 52422
B_binmean_clock4   down2    len   31.0 prep    245.1 us fwd    418.2 us total    663.2 us  params 52422
B_binmean_clock4   drop50   len   31.0 prep    325.1 us fwd    419.7 us total    744.8 us  params 52422
B_patch_clock4     native   len   31.0 prep    118.0 us fwd    389.5 us total    507.5 us  params 53574
B_patch_clock4     foh_m4   len   31.0 prep    325.5 us fwd    390.3 us total    715.8 us  params 53574
B_patch_clock4     down2    len   31.0 prep    137.9 us fwd    401.9 us total    539.8 us  params 53574
B_patch_clock4     drop50   len   31.0 prep    141.9 us fwd    388.9 us total    530.8 us  params 53574
B_tfpatch_clock4   native   len   31.0 prep    134.1 us fwd    229.6 us total    363.8 us  params 136774
B_tfpatch_clock4   foh_m4   len   31.0 prep    353.1 us fwd    226.4 us total    579.5 us  params 136774
B_tfpatch_clock4   down2    len   31.0 prep    146.5 us fwd    232.7 us total    379.2 us  params 136774
B_tfpatch_clock4   drop50   len   31.0 prep    151.1 us fwd    230.4 us total    381.5 us  params 136774
B_nrde_clock4      native   len   31.0 prep    509.8 us fwd    187.7 us total    697.5 us  params 121254
B_nrde_clock4      foh_m4   len   31.0 prep   1419.4 us fwd    189.6 us total   1609.0 us  params 121254
B_nrde_clock4      down2    len   31.0 prep    535.3 us fwd    250.0 us total    785.3 us  params 121254
B_nrde_clock4      drop50   len   31.0 prep    542.6 us fwd    196.6 us total    739.2 us  params 121254
B_rformer_clock4   native   len   31.0 prep    659.7 us fwd    236.2 us total    895.9 us  params 141510
B_rformer_clock4   foh_m4   len   31.0 prep   1631.2 us fwd    238.6 us total   1869.8 us  params 141510
B_rformer_clock4   down2    len   31.0 prep    587.4 us fwd    239.8 us total    827.2 us  params 141510
B_rformer_clock4   drop50   len   31.0 prep    614.6 us fwd    249.5 us total    864.1 us  params 141510
B_bilin_clock4     native   len   31.0 prep    210.1 us fwd    570.4 us total    780.5 us  params 56582
B_bilin_clock4     foh_m4   len   31.0 prep    548.8 us fwd   1070.3 us total   1619.0 us  params 56582
B_bilin_clock4     down2    len   31.0 prep    194.0 us fwd    462.1 us total    656.1 us  params 56582
B_bilin_clock4     drop50   len   31.0 prep    214.3 us fwd    550.7 us total    765.1 us  params 56582
P1_foh_clock       native   len  127.0 prep    193.8 us fwd   2119.0 us total   2312.8 us  params 56582
P1_foh_clock       foh_m4   len  127.0 prep    546.9 us fwd   4946.1 us total   5493.0 us  params 56582
P1_foh_clock       down2    len  127.0 prep    212.8 us fwd   2185.2 us total   2398.0 us  params 56582
P1_foh_clock       drop50   len  127.0 prep    231.3 us fwd   2278.2 us total   2509.5 us  params 56582
A3_zoh_perobs      native   len  127.0 prep    128.5 us fwd   2551.7 us total   2680.2 us  params 56582
A3_zoh_perobs      foh_m4   len  508.0 prep    386.2 us fwd  16137.1 us total  16523.3 us  params 56582
A3_zoh_perobs      down2    len   63.0 prep    134.7 us fwd   1245.7 us total   1380.4 us  params 56582
A3_zoh_perobs      drop50   len   64.1 prep    140.1 us fwd  25338.2 us total  25478.3 us  params 56582
B_point_clock1     native   len  127.0 prep     87.6 us fwd   1203.7 us total   1291.4 us  params 51846
B_point_clock1     foh_m4   len  127.0 prep    315.0 us fwd   1284.4 us total   1599.4 us  params 51846
B_point_clock1     down2    len  127.0 prep    114.2 us fwd   1294.5 us total   1408.6 us  params 51846
B_point_clock1     drop50   len  127.0 prep    125.6 us fwd   1249.4 us total   1375.0 us  params 51846
B_dtonly           native   len  127.0 prep     88.6 us fwd   1756.2 us total   1844.8 us  params 51846
B_dtonly           foh_m4   len  508.0 prep    355.7 us fwd  12427.5 us total  12783.2 us  params 51846
B_dtonly           down2    len   63.0 prep    103.8 us fwd    788.0 us total    891.9 us  params 51846
B_dtonly           drop50   len   64.1 prep    124.1 us fwd  24799.4 us total  24923.5 us  params 51846
