INFO:p-11036:t-140298167849088:_client.py:_send_single_request:HTTP Request: HEAD https://huggingface.co/ibm-granite/granite-timeseries-flowstate-r1/resolve/main/config.json "HTTP/1.1 307 Temporary Redirect"
Warning: You are sending unauthenticated requests to the HF Hub. Please set a HF_TOKEN to enable higher rate limits and faster downloads.
WARNING:p-11036:t-140298167849088:_http.py:_warn_on_warning_headers:Warning: You are sending unauthenticated requests to the HF Hub. Please set a HF_TOKEN to enable higher rate limits and faster downloads.
INFO:p-11036:t-140298167849088:_client.py:_send_single_request:HTTP Request: HEAD https://huggingface.co/api/resolve-cache/models/ibm-granite/granite-timeseries-flowstate-r1/05effc6cb39ee16dce9dd0064ed1a76e4b8ff464/config.json?%2Fibm-granite%2Fgranite-timeseries-flowstate-r1%2Fresolve%2Fmain%2Fconfig.json=&etag=%22111023a8c4328e2c6c6390120835510ec297b773%22 "HTTP/1.1 200 OK"
INFO:p-11036:t-140298167849088:_client.py:_send_single_request:HTTP Request: HEAD https://huggingface.co/ibm-granite/granite-timeseries-flowstate-r1/resolve/main/model.safetensors "HTTP/1.1 302 Found"
WARNING:p-11036:t-140298167849088:configuration_flowstate.py:check_and_init_preprocessing:Quantiles are now availble in the `quantile_outputs` key of the model output and `prediction_type='quantile'` is deprecated. Setting `prediction_type` to `mean`.
[transformers] `use_return_dict` is deprecated! Use `return_dict` instead!
INFO:p-11036:t-140298167849088:modeling_flowstate.py:__init__: Total Number of parameters: 9069.312k
INFO:p-11036:t-140298167849088:modeling_flowstate.py:__init__:Number of decoder parameters: 1181.952k (13.03%)
Loading weights:   0%|          | 0/76 [00:00<?, ?it/s]Loading weights: 100%|██████████| 76/76 [00:00<00:00, 25873.95it/s]
v1.0 (main) 47104 {'causal_revin__zohR2__forecast': 0.0296, 'causal_revin__zohR2__per_layer_last_step': [0.0026, 0.0498, 0.1156, 0.2374, 0.3316, 0.3424], 'causal_revin__foh2__forecast': 0.0341, 'causal_revin__foh2__per_layer_last_step': [0.0838, 0.0868, 0.1632, 0.2514, 0.339, 0.3542], 'fixed_revin__zohR2__forecast': 0.0179, 'fixed_revin__zohR2__per_layer_last_step': [0.0, 0.0489, 0.1114, 0.2389, 0.3032, 0.3066], 'fixed_revin__foh2__forecast': 0.0216, 'fixed_revin__foh2__per_layer_last_step': [0.0847, 0.0856, 0.1613, 0.247, 0.302, 0.3081]}
v1.0 (main) 48602 {'causal_revin__zohR2__forecast': 0.1431, 'causal_revin__zohR2__per_layer_last_step': [0.0068, 0.0288, 0.1221, 0.2301, 0.2976, 0.383], 'causal_revin__foh2__forecast': 0.1523, 'causal_revin__foh2__per_layer_last_step': [0.0233, 0.0461, 0.0956, 0.2123, 0.3035, 0.3908], 'fixed_revin__zohR2__forecast': 0.0404, 'fixed_revin__zohR2__per_layer_last_step': [0.0, 0.0199, 0.0884, 0.2015, 0.2385, 0.2608], 'fixed_revin__foh2__forecast': 0.0435, 'fixed_revin__foh2__per_layer_last_step': [0.0197, 0.0363, 0.0786, 0.1864, 0.2329, 0.2621]}
v1.0 (main) 50101 {'causal_revin__zohR2__forecast': 0.1058, 'causal_revin__zohR2__per_layer_last_step': [0.0008, 0.0235, 0.0814, 0.1585, 0.2916, 0.3291], 'causal_revin__foh2__forecast': 0.1359, 'causal_revin__foh2__per_layer_last_step': [0.0575, 0.1138, 0.2291, 0.1877, 0.3193, 0.3662], 'fixed_revin__zohR2__forecast': 0.0639, 'fixed_revin__zohR2__per_layer_last_step': [0.0, 0.0212, 0.0874, 0.1671, 0.2685, 0.3049], 'fixed_revin__foh2__forecast': 0.0734, 'fixed_revin__foh2__per_layer_last_step': [0.0562, 0.1114, 0.2215, 0.1861, 0.283, 0.3282]}
v1.0 (main) 51599 {'causal_revin__zohR2__forecast': 0.0209, 'causal_revin__zohR2__per_layer_last_step': [0.0014, 0.0322, 0.0915, 0.1776, 0.2879, 0.3678], 'causal_revin__foh2__forecast': 0.022, 'causal_revin__foh2__per_layer_last_step': [0.0632, 0.0878, 0.1421, 0.1995, 0.3186, 0.4118], 'fixed_revin__zohR2__forecast': 0.0611, 'fixed_revin__zohR2__per_layer_last_step': [0.0, 0.0277, 0.0929, 0.1617, 0.2519, 0.3023], 'fixed_revin__foh2__forecast': 0.0609, 'fixed_revin__foh2__per_layer_last_step': [0.0618, 0.0875, 0.141, 0.184, 0.2814, 0.3306]}
v1.0 (main) 53098 {'causal_revin__zohR2__forecast': 0.0886, 'causal_revin__zohR2__per_layer_last_step': [0.0031, 0.0193, 0.0487, 0.1191, 0.1476, 0.1929], 'causal_revin__foh2__forecast': 0.0765, 'causal_revin__foh2__per_layer_last_step': [0.0363, 0.057, 0.0699, 0.1339, 0.1656, 0.2198], 'fixed_revin__zohR2__forecast': 0.1131, 'fixed_revin__zohR2__per_layer_last_step': [0.0, 0.0149, 0.0306, 0.0893, 0.1189, 0.1401], 'fixed_revin__foh2__forecast': 0.1026, 'fixed_revin__foh2__per_layer_last_step': [0.0333, 0.0642, 0.0698, 0.1151, 0.1456, 0.1659]}
v1.0 (main) 54597 {'causal_revin__zohR2__forecast': 0.0365, 'causal_revin__zohR2__per_layer_last_step': [0.0016, 0.0347, 0.0479, 0.1069, 0.1699, 0.268], 'causal_revin__foh2__forecast': 0.0344, 'causal_revin__foh2__per_layer_last_step': [0.045, 0.0611, 0.0675, 0.1165, 0.1873, 0.2817], 'fixed_revin__zohR2__forecast': 0.0371, 'fixed_revin__zohR2__per_layer_last_step': [0.0, 0.0225, 0.0371, 0.0969, 0.1538, 0.2156], 'fixed_revin__foh2__forecast': 0.0349, 'fixed_revin__foh2__per_layer_last_step': [0.0415, 0.0505, 0.0633, 0.1089, 0.1731, 0.2244]}
v1.0 (main) 56095 {'causal_revin__zohR2__forecast': 0.047, 'causal_revin__zohR2__per_layer_last_step': [0.0015, 0.0167, 0.081, 0.117, 0.133, 0.1959], 'causal_revin__foh2__forecast': 0.0546, 'causal_revin__foh2__per_layer_last_step': [0.0377, 0.0828, 0.0931, 0.1194, 0.1381, 0.2079], 'fixed_revin__zohR2__forecast': 0.0095, 'fixed_revin__zohR2__per_layer_last_step': [0.0, 0.0154, 0.0809, 0.1096, 0.1192, 0.144], 'fixed_revin__foh2__forecast': 0.0123, 'fixed_revin__foh2__per_layer_last_step': [0.0334, 0.0771, 0.0911, 0.1076, 0.1149, 0.1361]}
v1.0 (main) 57594 {'causal_revin__zohR2__forecast': 0.1311, 'causal_revin__zohR2__per_layer_last_step': [0.0023, 0.0253, 0.0962, 0.1888, 0.254, 0.3831], 'causal_revin__foh2__forecast': 0.1362, 'causal_revin__foh2__per_layer_last_step': [0.0722, 0.0646, 0.0993, 0.1922, 0.2714, 0.3992], 'fixed_revin__zohR2__forecast': 0.1106, 'fixed_revin__zohR2__per_layer_last_step': [0.0, 0.0231, 0.095, 0.1948, 0.2318, 0.2862], 'fixed_revin__foh2__forecast': 0.108, 'fixed_revin__foh2__per_layer_last_step': [0.0721, 0.0644, 0.0964, 0.1918, 0.2383, 0.2909]}
INFO:p-11036:t-140298167849088:_client.py:_send_single_request:HTTP Request: HEAD https://huggingface.co/ibm-granite/granite-timeseries-flowstate-r1/resolve/r1.1/config.json "HTTP/1.1 307 Temporary Redirect"
INFO:p-11036:t-140298167849088:_client.py:_send_single_request:HTTP Request: HEAD https://huggingface.co/api/resolve-cache/models/ibm-granite/granite-timeseries-flowstate-r1/b80e0f1b1c2d90edebe3d4f243ad046a3f935daa/config.json?%2Fibm-granite%2Fgranite-timeseries-flowstate-r1%2Fresolve%2Fr1.1%2Fconfig.json=&etag=%226dc5733d8070b69bcc195d2fe4978faab3f439e0%22 "HTTP/1.1 200 OK"
INFO:p-11036:t-140298167849088:_client.py:_send_single_request:HTTP Request: HEAD https://huggingface.co/ibm-granite/granite-timeseries-flowstate-r1/resolve/r1.1/model.safetensors "HTTP/1.1 302 Found"
WARNING:p-11036:t-140298167849088:configuration_flowstate.py:check_and_init_preprocessing:Quantiles are now availble in the `quantile_outputs` key of the model output and `prediction_type='quantile'` is deprecated. Setting `prediction_type` to `mean`.
INFO:p-11036:t-140298167849088:modeling_flowstate.py:__init__: Total Number of parameters: 18524.928k
INFO:p-11036:t-140298167849088:modeling_flowstate.py:__init__:Number of decoder parameters: 1181.952k (6.38%)
Loading weights:   0%|          | 0/118 [00:00<?, ?it/s]Loading weights: 100%|██████████| 118/118 [00:00<00:00, 3054.92it/s]
r1.1 47104 {'causal_revin__zohR2__forecast': 0.0403, 'causal_revin__zohR2__per_layer_last_step': [0.0014, 0.02, 0.0409, 0.414, 0.5051, 0.4638], 'causal_revin__foh2__forecast': 0.0274, 'causal_revin__foh2__per_layer_last_step': [0.0451, 0.0516, 0.0992, 0.2862, 0.4215, 0.3779], 'fixed_revin__zohR2__forecast': 0.0601, 'fixed_revin__zohR2__per_layer_last_step': [0.0001, 0.0204, 0.04, 0.4329, 0.4786, 0.4687], 'fixed_revin__foh2__forecast': 0.0373, 'fixed_revin__foh2__per_layer_last_step': [0.0419, 0.0572, 0.1016, 0.2891, 0.3774, 0.3602]}
r1.1 48602 {'causal_revin__zohR2__forecast': 0.0838, 'causal_revin__zohR2__per_layer_last_step': [0.001, 0.0133, 0.0491, 0.4088, 0.6925, 0.5726], 'causal_revin__foh2__forecast': 0.1183, 'causal_revin__foh2__per_layer_last_step': [0.0117, 0.0377, 0.0564, 0.3038, 0.5579, 0.4648], 'fixed_revin__zohR2__forecast': 0.024, 'fixed_revin__zohR2__per_layer_last_step': [0.0, 0.0146, 0.0424, 0.3283, 0.4651, 0.3875], 'fixed_revin__foh2__forecast': 0.0396, 'fixed_revin__foh2__per_layer_last_step': [0.0095, 0.0366, 0.0533, 0.2236, 0.3464, 0.2859]}
r1.1 50101 {'causal_revin__zohR2__forecast': 0.1216, 'causal_revin__zohR2__per_layer_last_step': [0.0022, 0.0185, 0.0888, 0.5491, 0.7205, 0.6765], 'causal_revin__foh2__forecast': 0.0346, 'causal_revin__foh2__per_layer_last_step': [0.0204, 0.0754, 0.0948, 0.4221, 0.5351, 0.4897], 'fixed_revin__zohR2__forecast': 0.2263, 'fixed_revin__zohR2__per_layer_last_step': [0.0, 0.0172, 0.0919, 0.6922, 0.8637, 0.8087], 'fixed_revin__foh2__forecast': 0.1035, 'fixed_revin__foh2__per_layer_last_step': [0.0142, 0.0802, 0.0905, 0.526, 0.6814, 0.6188]}
r1.1 51599 {'causal_revin__zohR2__forecast': 0.1608, 'causal_revin__zohR2__per_layer_last_step': [0.0006, 0.0121, 0.0484, 0.3642, 0.5234, 0.5146], 'causal_revin__foh2__forecast': 0.1552, 'causal_revin__foh2__per_layer_last_step': [0.0127, 0.0493, 0.1006, 0.3066, 0.4426, 0.4451], 'fixed_revin__zohR2__forecast': 0.2358, 'fixed_revin__zohR2__per_layer_last_step': [0.0001, 0.0111, 0.0507, 0.4335, 0.527, 0.5559], 'fixed_revin__foh2__forecast': 0.2269, 'fixed_revin__foh2__per_layer_last_step': [0.0151, 0.0542, 0.099, 0.3854, 0.4703, 0.5026]}
r1.1 53098 {'causal_revin__zohR2__forecast': 0.1424, 'causal_revin__zohR2__per_layer_last_step': [0.0007, 0.0074, 0.0303, 0.1412, 0.2599, 0.2358], 'causal_revin__foh2__forecast': 0.078, 'causal_revin__foh2__per_layer_last_step': [0.0144, 0.0205, 0.0439, 0.1208, 0.2471, 0.2232], 'fixed_revin__zohR2__forecast': 0.1296, 'fixed_revin__zohR2__per_layer_last_step': [0.0, 0.0077, 0.0265, 0.1736, 0.3354, 0.2939], 'fixed_revin__foh2__forecast': 0.3191, 'fixed_revin__foh2__per_layer_last_step': [0.0153, 0.0221, 0.0524, 0.1515, 0.2834, 0.2547]}
r1.1 54597 {'causal_revin__zohR2__forecast': 0.1121, 'causal_revin__zohR2__per_layer_last_step': [0.0019, 0.0127, 0.0458, 0.3678, 0.4892, 0.4567], 'causal_revin__foh2__forecast': 0.1015, 'causal_revin__foh2__per_layer_last_step': [0.0123, 0.0527, 0.0943, 0.3769, 0.4559, 0.4268], 'fixed_revin__zohR2__forecast': 0.0501, 'fixed_revin__zohR2__per_layer_last_step': [0.0, 0.0102, 0.0383, 0.2449, 0.3272, 0.3056], 'fixed_revin__foh2__forecast': 0.0167, 'fixed_revin__foh2__per_layer_last_step': [0.0115, 0.0416, 0.0908, 0.2272, 0.3101, 0.2813]}
r1.1 56095 {'causal_revin__zohR2__forecast': 0.0263, 'causal_revin__zohR2__per_layer_last_step': [0.0009, 0.0105, 0.0438, 0.3408, 0.4404, 0.3892], 'causal_revin__foh2__forecast': 0.0163, 'causal_revin__foh2__per_layer_last_step': [0.0146, 0.0445, 0.061, 0.3111, 0.3777, 0.3219], 'fixed_revin__zohR2__forecast': 0.1189, 'fixed_revin__zohR2__per_layer_last_step': [0.0, 0.0098, 0.0344, 0.3427, 0.3896, 0.3725], 'fixed_revin__foh2__forecast': 0.1137, 'fixed_revin__foh2__per_layer_last_step': [0.0122, 0.0365, 0.0633, 0.3093, 0.3755, 0.3534]}
r1.1 57594 {'causal_revin__zohR2__forecast': 0.1829, 'causal_revin__zohR2__per_layer_last_step': [0.0007, 0.0133, 0.0595, 0.2566, 0.5479, 0.4637], 'causal_revin__foh2__forecast': 0.1646, 'causal_revin__foh2__per_layer_last_step': [0.0238, 0.0515, 0.0711, 0.2215, 0.4337, 0.3783], 'fixed_revin__zohR2__forecast': 0.1831, 'fixed_revin__zohR2__per_layer_last_step': [0.0, 0.0137, 0.0542, 0.2885, 0.599, 0.505], 'fixed_revin__foh2__forecast': 0.1582, 'fixed_revin__foh2__per_layer_last_step': [0.019, 0.0514, 0.068, 0.238, 0.4888, 0.4184]}
== v1.0 (main)
  causal_revin__zohR2__forecast            median 0.06784
  causal_revin__zohR2__per_layer_last_step median per layer 0.00198 0.027 0.0865 0.168 0.271 0.336
  causal_revin__foh2__forecast             median 0.06551
  causal_revin__foh2__per_layer_last_step  median per layer 0.0513 0.0737 0.0975 0.19 0.287 0.36
  fixed_revin__zohR2__forecast             median 0.05078
  fixed_revin__zohR2__per_layer_last_step  median per layer 1.98e-05 0.0218 0.0879 0.164 0.235 0.274
  fixed_revin__foh2__forecast              median 0.05217
  fixed_revin__foh2__per_layer_last_step   median per layer 0.0489 0.0708 0.0938 0.185 0.236 0.276
== r1.1
  causal_revin__zohR2__forecast            median 0.1169
  causal_revin__zohR2__per_layer_last_step median per layer 0.000965 0.013 0.0471 0.366 0.514 0.464
  causal_revin__foh2__forecast             median 0.08972
  causal_revin__foh2__per_layer_last_step  median per layer 0.0145 0.0504 0.0827 0.305 0.438 0.403
  fixed_revin__zohR2__forecast             median 0.1243
  fixed_revin__zohR2__per_layer_last_step  median per layer 3.78e-05 0.0124 0.0412 0.336 0.472 0.428
  fixed_revin__foh2__forecast              median 0.1086
  fixed_revin__foh2__per_layer_last_step   median per layer 0.0147 0.0465 0.0793 0.264 0.376 0.357
