INFO:p-9849:t-140407182848128:_client.py:_send_single_request:HTTP Request: HEAD https://huggingface.co/ibm-granite/granite-timeseries-flowstate-r1/resolve/main/config.json "HTTP/1.1 307 Temporary Redirect"
Warning: You are sending unauthenticated requests to the HF Hub. Please set a HF_TOKEN to enable higher rate limits and faster downloads.
WARNING:p-9849:t-140407182848128:_http.py:_warn_on_warning_headers:Warning: You are sending unauthenticated requests to the HF Hub. Please set a HF_TOKEN to enable higher rate limits and faster downloads.
INFO:p-9849:t-140407182848128:_client.py:_send_single_request:HTTP Request: HEAD https://huggingface.co/api/resolve-cache/models/ibm-granite/granite-timeseries-flowstate-r1/05effc6cb39ee16dce9dd0064ed1a76e4b8ff464/config.json?%2Fibm-granite%2Fgranite-timeseries-flowstate-r1%2Fresolve%2Fmain%2Fconfig.json=&etag=%22111023a8c4328e2c6c6390120835510ec297b773%22 "HTTP/1.1 200 OK"
INFO:p-9849:t-140407182848128:_client.py:_send_single_request:HTTP Request: HEAD https://huggingface.co/ibm-granite/granite-timeseries-flowstate-r1/resolve/main/model.safetensors "HTTP/1.1 302 Found"
WARNING:p-9849:t-140407182848128:configuration_flowstate.py:check_and_init_preprocessing:Quantiles are now availble in the `quantile_outputs` key of the model output and `prediction_type='quantile'` is deprecated. Setting `prediction_type` to `mean`.
[transformers] `use_return_dict` is deprecated! Use `return_dict` instead!
INFO:p-9849:t-140407182848128:modeling_flowstate.py:__init__: Total Number of parameters: 9069.312k
INFO:p-9849:t-140407182848128:modeling_flowstate.py:__init__:Number of decoder parameters: 1181.952k (13.03%)
Loading weights:   0%|          | 0/76 [00:00<?, ?it/s]Loading weights: 100%|██████████| 76/76 [00:00<00:00, 2910.53it/s]
v1.0 (main) 47104 {'repeat_rel_change': 0.0, 'refine2_rel_forecast_change': 0.0341, 'refine2_rel_state_change': 0.3542, 'zohR2_rel_forecast_change': 0.0296, 'zohR2_rel_state_change': 0.3424, 'down2_rel_forecast_change': 0.0144, 'down2_rel_state_change': 0.4257, 'refine4_rel_forecast_change': 0.0372, 'refine4_rel_state_change': 0.364, 'zohR4_rel_forecast_change': 0.0359, 'zohR4_rel_state_change': 0.3488, 'down4_rel_forecast_change': 0.0334, 'down4_rel_state_change': 0.6133}
v1.0 (main) 48602 {'repeat_rel_change': 0.0, 'refine2_rel_forecast_change': 0.1523, 'refine2_rel_state_change': 0.3908, 'zohR2_rel_forecast_change': 0.1431, 'zohR2_rel_state_change': 0.383, 'down2_rel_forecast_change': 0.0451, 'down2_rel_state_change': 0.1677, 'refine4_rel_forecast_change': 0.1512, 'refine4_rel_state_change': 0.3947, 'zohR4_rel_forecast_change': 0.1498, 'zohR4_rel_state_change': 0.3897, 'down4_rel_forecast_change': 0.1587, 'down4_rel_state_change': 0.5839}
v1.0 (main) 50101 {'repeat_rel_change': 0.0, 'refine2_rel_forecast_change': 0.1359, 'refine2_rel_state_change': 0.3662, 'zohR2_rel_forecast_change': 0.1058, 'zohR2_rel_state_change': 0.3291, 'down2_rel_forecast_change': 0.0395, 'down2_rel_state_change': 0.162, 'refine4_rel_forecast_change': 0.13, 'refine4_rel_state_change': 0.371, 'zohR4_rel_forecast_change': 0.1183, 'zohR4_rel_state_change': 0.3473, 'down4_rel_forecast_change': 0.0879, 'down4_rel_state_change': 0.4817}
v1.0 (main) 51599 {'repeat_rel_change': 0.0, 'refine2_rel_forecast_change': 0.022, 'refine2_rel_state_change': 0.4118, 'zohR2_rel_forecast_change': 0.0209, 'zohR2_rel_state_change': 0.3678, 'down2_rel_forecast_change': 0.0194, 'down2_rel_state_change': 0.2715, 'refine4_rel_forecast_change': 0.0227, 'refine4_rel_state_change': 0.425, 'zohR4_rel_forecast_change': 0.0232, 'zohR4_rel_state_change': 0.3905, 'down4_rel_forecast_change': 0.0461, 'down4_rel_state_change': 0.5404}
v1.0 (main) 53098 {'repeat_rel_change': 0.0, 'refine2_rel_forecast_change': 0.0765, 'refine2_rel_state_change': 0.2198, 'zohR2_rel_forecast_change': 0.0886, 'zohR2_rel_state_change': 0.1929, 'down2_rel_forecast_change': 0.1216, 'down2_rel_state_change': 0.3739, 'refine4_rel_forecast_change': 0.0733, 'refine4_rel_state_change': 0.2662, 'zohR4_rel_forecast_change': 0.1018, 'zohR4_rel_state_change': 0.2067, 'down4_rel_forecast_change': 0.1691, 'down4_rel_state_change': 0.5233}
v1.0 (main) 54597 {'repeat_rel_change': 0.0, 'refine2_rel_forecast_change': 0.0344, 'refine2_rel_state_change': 0.2817, 'zohR2_rel_forecast_change': 0.0365, 'zohR2_rel_state_change': 0.268, 'down2_rel_forecast_change': 0.0243, 'down2_rel_state_change': 0.1881, 'refine4_rel_forecast_change': 0.0358, 'refine4_rel_state_change': 0.2996, 'zohR4_rel_forecast_change': 0.0334, 'zohR4_rel_state_change': 0.2853, 'down4_rel_forecast_change': 0.029, 'down4_rel_state_change': 0.4608}
v1.0 (main) 56095 {'repeat_rel_change': 0.0, 'refine2_rel_forecast_change': 0.0546, 'refine2_rel_state_change': 0.2079, 'zohR2_rel_forecast_change': 0.047, 'zohR2_rel_state_change': 0.1959, 'down2_rel_forecast_change': 0.0394, 'down2_rel_state_change': 0.229, 'refine4_rel_forecast_change': 0.0568, 'refine4_rel_state_change': 0.2204, 'zohR4_rel_forecast_change': 0.0476, 'zohR4_rel_state_change': 0.2055, 'down4_rel_forecast_change': 0.0366, 'down4_rel_state_change': 0.5199}
v1.0 (main) 57594 {'repeat_rel_change': 0.0, 'refine2_rel_forecast_change': 0.1362, 'refine2_rel_state_change': 0.3992, 'zohR2_rel_forecast_change': 0.1311, 'zohR2_rel_state_change': 0.3831, 'down2_rel_forecast_change': 0.04, 'down2_rel_state_change': 0.2351, 'refine4_rel_forecast_change': 0.139, 'refine4_rel_state_change': 0.4141, 'zohR4_rel_forecast_change': 0.1323, 'zohR4_rel_state_change': 0.3983, 'down4_rel_forecast_change': 0.1347, 'down4_rel_state_change': 0.5798}
v1.0 (main) 59092 {'repeat_rel_change': 0.0, 'refine2_rel_forecast_change': 0.061, 'refine2_rel_state_change': 0.3998, 'zohR2_rel_forecast_change': 0.067, 'zohR2_rel_state_change': 0.3614, 'down2_rel_forecast_change': 0.052, 'down2_rel_state_change': 0.3095, 'refine4_rel_forecast_change': 0.0678, 'refine4_rel_state_change': 0.4014, 'zohR4_rel_forecast_change': 0.0656, 'zohR4_rel_state_change': 0.3763, 'down4_rel_forecast_change': 0.1394, 'down4_rel_state_change': 0.7053}
v1.0 (main) 60591 {'repeat_rel_change': 0.0, 'refine2_rel_forecast_change': 0.0135, 'refine2_rel_state_change': 0.1954, 'zohR2_rel_forecast_change': 0.0125, 'zohR2_rel_state_change': 0.1728, 'down2_rel_forecast_change': 0.0113, 'down2_rel_state_change': 0.1985, 'refine4_rel_forecast_change': 0.0129, 'refine4_rel_state_change': 0.2232, 'zohR4_rel_forecast_change': 0.0126, 'zohR4_rel_state_change': 0.1809, 'down4_rel_forecast_change': 0.0218, 'down4_rel_state_change': 0.3733}
v1.0 (main) 62090 {'repeat_rel_change': 0.0, 'refine2_rel_forecast_change': 0.0398, 'refine2_rel_state_change': 0.3322, 'zohR2_rel_forecast_change': 0.033, 'zohR2_rel_state_change': 0.3066, 'down2_rel_forecast_change': 0.0117, 'down2_rel_state_change': 0.1771, 'refine4_rel_forecast_change': 0.0394, 'refine4_rel_state_change': 0.3242, 'zohR4_rel_forecast_change': 0.0325, 'zohR4_rel_state_change': 0.3183, 'down4_rel_forecast_change': 0.0431, 'down4_rel_state_change': 0.4909}
v1.0 (main) 63588 {'repeat_rel_change': 0.0, 'refine2_rel_forecast_change': 0.0167, 'refine2_rel_state_change': 0.3026, 'zohR2_rel_forecast_change': 0.0145, 'zohR2_rel_state_change': 0.2139, 'down2_rel_forecast_change': 0.0111, 'down2_rel_state_change': 0.3497, 'refine4_rel_forecast_change': 0.0217, 'refine4_rel_state_change': 0.4013, 'zohR4_rel_forecast_change': 0.0141, 'zohR4_rel_state_change': 0.2236, 'down4_rel_forecast_change': 0.0417, 'down4_rel_state_change': 0.7022}
v1.0 (main) 65087 {'repeat_rel_change': 0.0, 'refine2_rel_forecast_change': 0.0142, 'refine2_rel_state_change': 0.2539, 'zohR2_rel_forecast_change': 0.015, 'zohR2_rel_state_change': 0.2287, 'down2_rel_forecast_change': 0.0179, 'down2_rel_state_change': 0.2053, 'refine4_rel_forecast_change': 0.0144, 'refine4_rel_state_change': 0.2512, 'zohR4_rel_forecast_change': 0.0136, 'zohR4_rel_state_change': 0.234, 'down4_rel_forecast_change': 0.051, 'down4_rel_state_change': 0.5449}
v1.0 (main) 66585 {'repeat_rel_change': 0.0, 'refine2_rel_forecast_change': 0.0215, 'refine2_rel_state_change': 0.1914, 'zohR2_rel_forecast_change': 0.0206, 'zohR2_rel_state_change': 0.1838, 'down2_rel_forecast_change': 0.0097, 'down2_rel_state_change': 0.1694, 'refine4_rel_forecast_change': 0.0243, 'refine4_rel_state_change': 0.2068, 'zohR4_rel_forecast_change': 0.0227, 'zohR4_rel_state_change': 0.1968, 'down4_rel_forecast_change': 0.0224, 'down4_rel_state_change': 0.4451}
v1.0 (main) 68084 {'repeat_rel_change': 0.0, 'refine2_rel_forecast_change': 0.0641, 'refine2_rel_state_change': 0.496, 'zohR2_rel_forecast_change': 0.0555, 'zohR2_rel_state_change': 0.4407, 'down2_rel_forecast_change': 0.0328, 'down2_rel_state_change': 0.3769, 'refine4_rel_forecast_change': 0.0645, 'refine4_rel_state_change': 0.5528, 'zohR4_rel_forecast_change': 0.0596, 'zohR4_rel_state_change': 0.4659, 'down4_rel_forecast_change': 0.0489, 'down4_rel_state_change': 0.5601}
v1.0 (main) 69583 {'repeat_rel_change': 0.0, 'refine2_rel_forecast_change': 0.0893, 'refine2_rel_state_change': 0.4539, 'zohR2_rel_forecast_change': 0.0857, 'zohR2_rel_state_change': 0.4158, 'down2_rel_forecast_change': 0.018, 'down2_rel_state_change': 0.2153, 'refine4_rel_forecast_change': 0.092, 'refine4_rel_state_change': 0.4677, 'zohR4_rel_forecast_change': 0.089, 'zohR4_rel_state_change': 0.4328, 'down4_rel_forecast_change': 0.0809, 'down4_rel_state_change': 0.6071}
INFO:p-9849:t-140407182848128:_client.py:_send_single_request:HTTP Request: HEAD https://huggingface.co/ibm-granite/granite-timeseries-flowstate-r1/resolve/r1.1/config.json "HTTP/1.1 307 Temporary Redirect"
INFO:p-9849:t-140407182848128:_client.py:_send_single_request:HTTP Request: HEAD https://huggingface.co/api/resolve-cache/models/ibm-granite/granite-timeseries-flowstate-r1/b80e0f1b1c2d90edebe3d4f243ad046a3f935daa/config.json?%2Fibm-granite%2Fgranite-timeseries-flowstate-r1%2Fresolve%2Fr1.1%2Fconfig.json=&etag=%226dc5733d8070b69bcc195d2fe4978faab3f439e0%22 "HTTP/1.1 200 OK"
INFO:p-9849:t-140407182848128:_client.py:_send_single_request:HTTP Request: HEAD https://huggingface.co/ibm-granite/granite-timeseries-flowstate-r1/resolve/r1.1/model.safetensors "HTTP/1.1 302 Found"
WARNING:p-9849:t-140407182848128:configuration_flowstate.py:check_and_init_preprocessing:Quantiles are now availble in the `quantile_outputs` key of the model output and `prediction_type='quantile'` is deprecated. Setting `prediction_type` to `mean`.
INFO:p-9849:t-140407182848128:modeling_flowstate.py:__init__: Total Number of parameters: 18524.928k
INFO:p-9849:t-140407182848128:modeling_flowstate.py:__init__:Number of decoder parameters: 1181.952k (6.38%)
Loading weights:   0%|          | 0/118 [00:00<?, ?it/s]Loading weights: 100%|██████████| 118/118 [00:00<00:00, 8262.57it/s]
r1.1 47104 {'repeat_rel_change': 0.0, 'refine2_rel_forecast_change': 0.0274, 'refine2_rel_state_change': 0.3673, 'zohR2_rel_forecast_change': 0.0403, 'zohR2_rel_state_change': 0.4753, 'down2_rel_forecast_change': 0.0174, 'down2_rel_state_change': 0.4444, 'refine4_rel_forecast_change': 0.025, 'refine4_rel_state_change': 0.3803, 'zohR4_rel_forecast_change': 0.0417, 'zohR4_rel_state_change': 0.4355, 'down4_rel_forecast_change': 0.0532, 'down4_rel_state_change': 0.8376}
r1.1 48602 {'repeat_rel_change': 0.0, 'refine2_rel_forecast_change': 0.1183, 'refine2_rel_state_change': 0.3132, 'zohR2_rel_forecast_change': 0.0838, 'zohR2_rel_state_change': 0.344, 'down2_rel_forecast_change': 0.0743, 'down2_rel_state_change': 0.366, 'refine4_rel_forecast_change': 0.1204, 'refine4_rel_state_change': 0.3412, 'zohR4_rel_forecast_change': 0.0979, 'zohR4_rel_state_change': 0.3453, 'down4_rel_forecast_change': 0.0989, 'down4_rel_state_change': 0.6327}
r1.1 50101 {'repeat_rel_change': 0.0, 'refine2_rel_forecast_change': 0.0346, 'refine2_rel_state_change': 0.3707, 'zohR2_rel_forecast_change': 0.1216, 'zohR2_rel_state_change': 0.4041, 'down2_rel_forecast_change': 0.0362, 'down2_rel_state_change': 0.3108, 'refine4_rel_forecast_change': 0.0302, 'refine4_rel_state_change': 0.3902, 'zohR4_rel_forecast_change': 0.0822, 'zohR4_rel_state_change': 0.4081, 'down4_rel_forecast_change': 0.0366, 'down4_rel_state_change': 0.7428}
r1.1 51599 {'repeat_rel_change': 0.0, 'refine2_rel_forecast_change': 0.1552, 'refine2_rel_state_change': 0.4731, 'zohR2_rel_forecast_change': 0.1608, 'zohR2_rel_state_change': 0.4548, 'down2_rel_forecast_change': 0.0253, 'down2_rel_state_change': 0.4961, 'refine4_rel_forecast_change': 0.1719, 'refine4_rel_state_change': 0.5366, 'zohR4_rel_forecast_change': 0.1665, 'zohR4_rel_state_change': 0.4667, 'down4_rel_forecast_change': 0.0437, 'down4_rel_state_change': 0.9886}
r1.1 53098 {'repeat_rel_change': 0.0, 'refine2_rel_forecast_change': 0.078, 'refine2_rel_state_change': 0.258, 'zohR2_rel_forecast_change': 0.1424, 'zohR2_rel_state_change': 0.2366, 'down2_rel_forecast_change': 0.1367, 'down2_rel_state_change': 0.5212, 'refine4_rel_forecast_change': 0.1215, 'refine4_rel_state_change': 0.3229, 'zohR4_rel_forecast_change': 0.0951, 'zohR4_rel_state_change': 0.2443, 'down4_rel_forecast_change': 0.1861, 'down4_rel_state_change': 0.7097}
r1.1 54597 {'repeat_rel_change': 0.0, 'refine2_rel_forecast_change': 0.1015, 'refine2_rel_state_change': 0.3352, 'zohR2_rel_forecast_change': 0.1121, 'zohR2_rel_state_change': 0.3079, 'down2_rel_forecast_change': 0.1046, 'down2_rel_state_change': 0.4754, 'refine4_rel_forecast_change': 0.1055, 'refine4_rel_state_change': 0.4013, 'zohR4_rel_forecast_change': 0.1131, 'zohR4_rel_state_change': 0.333, 'down4_rel_forecast_change': 0.1954, 'down4_rel_state_change': 0.8447}
r1.1 56095 {'repeat_rel_change': 0.0, 'refine2_rel_forecast_change': 0.0163, 'refine2_rel_state_change': 0.4527, 'zohR2_rel_forecast_change': 0.0263, 'zohR2_rel_state_change': 0.4717, 'down2_rel_forecast_change': 0.0664, 'down2_rel_state_change': 0.3078, 'refine4_rel_forecast_change': 0.0182, 'refine4_rel_state_change': 0.4637, 'zohR4_rel_forecast_change': 0.0248, 'zohR4_rel_state_change': 0.509, 'down4_rel_forecast_change': 0.171, 'down4_rel_state_change': 0.7245}
r1.1 57594 {'repeat_rel_change': 0.0, 'refine2_rel_forecast_change': 0.1646, 'refine2_rel_state_change': 0.3898, 'zohR2_rel_forecast_change': 0.1829, 'zohR2_rel_state_change': 0.4514, 'down2_rel_forecast_change': 0.1367, 'down2_rel_state_change': 0.397, 'refine4_rel_forecast_change': 0.1876, 'refine4_rel_state_change': 0.4396, 'zohR4_rel_forecast_change': 0.1982, 'zohR4_rel_state_change': 0.4699, 'down4_rel_forecast_change': 0.1784, 'down4_rel_state_change': 0.8239}
r1.1 59092 {'repeat_rel_change': 0.0, 'refine2_rel_forecast_change': 0.1989, 'refine2_rel_state_change': 0.5819, 'zohR2_rel_forecast_change': 0.2393, 'zohR2_rel_state_change': 0.6369, 'down2_rel_forecast_change': 0.0339, 'down2_rel_state_change': 0.43, 'refine4_rel_forecast_change': 0.1877, 'refine4_rel_state_change': 0.5983, 'zohR4_rel_forecast_change': 0.206, 'zohR4_rel_state_change': 0.6478, 'down4_rel_forecast_change': 0.0952, 'down4_rel_state_change': 0.8715}
r1.1 60591 {'repeat_rel_change': 0.0, 'refine2_rel_forecast_change': 0.0221, 'refine2_rel_state_change': 0.3205, 'zohR2_rel_forecast_change': 0.0232, 'zohR2_rel_state_change': 0.337, 'down2_rel_forecast_change': 0.0352, 'down2_rel_state_change': 0.3578, 'refine4_rel_forecast_change': 0.0247, 'refine4_rel_state_change': 0.3708, 'zohR4_rel_forecast_change': 0.022, 'zohR4_rel_state_change': 0.3562, 'down4_rel_forecast_change': 0.0714, 'down4_rel_state_change': 0.7506}
r1.1 62090 {'repeat_rel_change': 0.0, 'refine2_rel_forecast_change': 0.0198, 'refine2_rel_state_change': 0.4045, 'zohR2_rel_forecast_change': 0.0195, 'zohR2_rel_state_change': 0.4913, 'down2_rel_forecast_change': 0.007, 'down2_rel_state_change': 0.4203, 'refine4_rel_forecast_change': 0.029, 'refine4_rel_state_change': 0.4548, 'zohR4_rel_forecast_change': 0.0231, 'zohR4_rel_state_change': 0.4254, 'down4_rel_forecast_change': 0.0441, 'down4_rel_state_change': 0.8692}
r1.1 63588 {'repeat_rel_change': 0.0, 'refine2_rel_forecast_change': 0.0754, 'refine2_rel_state_change': 0.366, 'zohR2_rel_forecast_change': 0.0531, 'zohR2_rel_state_change': 0.4634, 'down2_rel_forecast_change': 0.0422, 'down2_rel_state_change': 0.3971, 'refine4_rel_forecast_change': 0.0828, 'refine4_rel_state_change': 0.3939, 'zohR4_rel_forecast_change': 0.0567, 'zohR4_rel_state_change': 0.4508, 'down4_rel_forecast_change': 0.0936, 'down4_rel_state_change': 0.8871}
r1.1 65087 {'repeat_rel_change': 0.0, 'refine2_rel_forecast_change': 0.0149, 'refine2_rel_state_change': 0.3615, 'zohR2_rel_forecast_change': 0.013, 'zohR2_rel_state_change': 0.4652, 'down2_rel_forecast_change': 0.018, 'down2_rel_state_change': 0.2948, 'refine4_rel_forecast_change': 0.0158, 'refine4_rel_state_change': 0.3695, 'zohR4_rel_forecast_change': 0.0156, 'zohR4_rel_state_change': 0.416, 'down4_rel_forecast_change': 0.0262, 'down4_rel_state_change': 0.7327}
r1.1 66585 {'repeat_rel_change': 0.0, 'refine2_rel_forecast_change': 0.0363, 'refine2_rel_state_change': 0.296, 'zohR2_rel_forecast_change': 0.0342, 'zohR2_rel_state_change': 0.3418, 'down2_rel_forecast_change': 0.0144, 'down2_rel_state_change': 0.3554, 'refine4_rel_forecast_change': 0.0449, 'refine4_rel_state_change': 0.3359, 'zohR4_rel_forecast_change': 0.0405, 'zohR4_rel_state_change': 0.3525, 'down4_rel_forecast_change': 0.0226, 'down4_rel_state_change': 0.7452}
r1.1 68084 {'repeat_rel_change': 0.0, 'refine2_rel_forecast_change': 0.0587, 'refine2_rel_state_change': 0.3967, 'zohR2_rel_forecast_change': 0.0567, 'zohR2_rel_state_change': 0.4458, 'down2_rel_forecast_change': 0.0461, 'down2_rel_state_change': 0.3726, 'refine4_rel_forecast_change': 0.0514, 'refine4_rel_state_change': 0.4365, 'zohR4_rel_forecast_change': 0.0509, 'zohR4_rel_state_change': 0.4654, 'down4_rel_forecast_change': 0.0944, 'down4_rel_state_change': 0.7139}
r1.1 69583 {'repeat_rel_change': 0.0, 'refine2_rel_forecast_change': 0.1104, 'refine2_rel_state_change': 0.4634, 'zohR2_rel_forecast_change': 0.1222, 'zohR2_rel_state_change': 0.5233, 'down2_rel_forecast_change': 0.0558, 'down2_rel_state_change': 0.3599, 'refine4_rel_forecast_change': 0.1125, 'refine4_rel_state_change': 0.4827, 'zohR4_rel_forecast_change': 0.1147, 'zohR4_rel_state_change': 0.5215, 'down4_rel_forecast_change': 0.1312, 'down4_rel_state_change': 0.7153}
== v1.0 (main) (9069312 params)
  repeat_rel_change                median 0  min 0  max 0
  mae_native                       median 0.6782  min 0.3537  max 2.195
  refine2_rel_forecast_change      median 0.04716  min 0.0135  max 0.1523
  refine2_rel_state_change         median 0.3432  min 0.1914  max 0.496
  refine2_mae                      median 0.7412  min 0.3979  max 2.365
  zohR2_rel_forecast_change        median 0.04177  min 0.0125  max 0.1431
  zohR2_rel_state_change           median 0.3179  min 0.1728  max 0.4407
  down2_rel_forecast_change        median 0.02186  min 0.009678  max 0.1216
  down2_rel_state_change           median 0.2221  min 0.162  max 0.4257
  down2_mae_common                 median 0.7418  min 0.3988  max 2.144
  native_mae_common2               median 0.6789  min 0.3586  max 2.216
  refine4_rel_forecast_change      median 0.04813  min 0.01287  max 0.1512
  refine4_rel_state_change         median 0.3675  min 0.2068  max 0.5528
  refine4_mae                      median 0.7394  min 0.3978  max 2.382
  zohR4_rel_forecast_change        median 0.04176  min 0.01257  max 0.1498
  zohR4_rel_state_change           median 0.3328  min 0.1809  max 0.4659
  down4_rel_forecast_change        median 0.04752  min 0.02184  max 0.1691
  down4_rel_state_change           median 0.5427  min 0.3733  max 0.7053
  down4_mae_common                 median 0.7608  min 0.3997  max 2.022
  native_mae_common4               median 0.7047  min 0.3066  max 2.236
  seconds                          median 10.32  min 9.997  max 12.77
== r1.1 (18524928 params)
  repeat_rel_change                median 0  min 0  max 0
  mae_native                       median 0.9882  min 0.3366  max 1.994
  refine2_rel_forecast_change      median 0.06706  min 0.01491  max 0.1989
  refine2_rel_state_change         median 0.369  min 0.258  max 0.5819
  refine2_mae                      median 0.859  min 0.321  max 1.787
  zohR2_rel_forecast_change        median 0.07025  min 0.01296  max 0.2393
  zohR2_rel_state_change           median 0.4531  min 0.2366  max 0.6369
  down2_rel_forecast_change        median 0.03924  min 0.007001  max 0.1367
  down2_rel_state_change           median 0.3848  min 0.2948  max 0.5212
  down2_mae_common                 median 0.8555  min 0.3837  max 1.952
  native_mae_common2               median 1.016  min 0.3502  max 2.003
  refine4_rel_forecast_change      median 0.06713  min 0.01576  max 0.1877
  refine4_rel_state_change         median 0.3976  min 0.3229  max 0.5983
  refine4_mae                      median 0.8782  min 0.3394  max 1.868
  zohR4_rel_forecast_change        median 0.06947  min 0.01562  max 0.206
  zohR4_rel_state_change           median 0.4304  min 0.2443  max 0.6478
  down4_rel_forecast_change        median 0.09398  min 0.02257  max 0.1954
  down4_rel_state_change           median 0.7479  min 0.6327  max 0.9886
  down4_mae_common                 median 0.8461  min 0.4568  max 1.748
  native_mae_common4               median 1.015  min 0.3694  max 2.028
  seconds                          median 21.26  min 20.43  max 22.72
