group G_rformer4 seed 0 lr 0.001 epochs 15 dev subjects [1, 6, 22, 25] n_train 5950 n_dev 1402 n_test 2947
  ep   0 loss 0.8282 dev 0.5977 (8.5s)
  ep   1 loss 0.6464 dev 0.5991 (9.5s)
  ep   2 loss 0.6369 dev 0.6298 (8.8s)
  ep   3 loss 0.6308 dev 0.6384 (9.3s)
  ep   4 loss 0.6211 dev 0.6676 (11.7s)
  ep   5 loss 0.6129 dev 0.6434 (10.8s)
  ep   6 loss 0.6022 dev 0.6569 (13.2s)
  ep   7 loss 0.5997 dev 0.6534 (12.8s)
  ep   8 loss 0.5953 dev 0.6583 (9.9s)
  ep   9 loss 0.5870 dev 0.6876 (11.1s)
  ep  10 loss 0.5827 dev 0.6576 (11.4s)
  ep  11 loss 0.5788 dev 0.6769 (11.6s)
  ep  12 loss 0.5735 dev 0.6876 (15.0s)
  ep  13 loss 0.5693 dev 0.6790 (19.8s)
  ep  14 loss 0.5673 dev 0.6762 (12.0s)
  eval B_rformer_clock4   native         acc 0.6423
  eval B_rformer_clock4   foh_m2         acc 0.6423
  eval B_rformer_clock4   foh_m4         acc 0.6423
  eval B_rformer_clock4   foh_rand       acc 0.6423
  eval B_rformer_clock4   zoh_m2         acc 0.6423
  eval B_rformer_clock4   down2          acc 0.6400
  eval B_rformer_clock4   down4          acc 0.5477
  eval B_rformer_clock4   down2_reknot   acc 0.6400
  eval B_rformer_clock4   drop30         acc 0.6376
  eval B_rformer_clock4   drop50         acc 0.6121
  eval B_rformer_clock4   drop70         acc 0.5602
  eval B_rformer_clock4   drop50_reknot  acc 0.6121
  fp64 B_rformer_clock4: {'foh_m2': 6.038175255763231e-15, 'foh_m4': 6.051104967231674e-15, 'foh_rand': 3.2582872900478247e-15, 'zoh_m2': 0.033053424603275865, 'down2_reknot': 9.259423006459696e-15}
